<html>
<body>
<pre>
<h1>µVision Build Log</h1>
<h2>Project:</h2>
E:\Keil\lab_programs\project4.uvproj
Project File Date:  11/20/2022

<h2>Output:</h2>
Build target 'Target 1'
assembling start_up_alp.s...
assembling program4.s...
program4.s(16): warning: A1581W: Added 2 bytes of padding at address 0x1a
linking...
Program Size: Code=564 RO-data=204 RW-data=0 ZI-data=512  
".\project4.axf" - 0 Error(s), 1 Warning(s).
</pre>
</body>
</html>
g program4.s...
program4.s(16): warning: A1581W: Added 2 bytes of padding at address 0x1a
"program4.s" - 0 Error(s), 1 Warning(s).
