<html>
<body>
<pre>
<h1>µVision Build Log</h1>
<h2>Project:</h2>
E:\Keil\lab_programs\project8.uvproj
Project File Date:  12/10/2022

<h2>Output:</h2>
Build target 'Target 1'
linking...
Program Size: Code=564 RO-data=204 RW-data=0 ZI-data=512  
".\project8.axf" - 0 Error(s), 0 Warning(s).
</pre>
</body>
</html>
"program8.s" - 0 Error(s), 0 Warning(s).
rogram8.s...
"program8.s" - 0 Error(s), 0 Warning(s).
" - 3 Error(s), 0 Warning(s).
assembling program8.s...
program8.s(1): error: A1163E: Unknown opcode Area , expecting opcode or Macro
program8.s(2): error: A1163E: Unknown opcode Export , expecting opcode or Macro
program8.s(3): error: A1355U: A Label was found which was in no AREA
"program8.s" - 3 Error(s), 0 Warning(s).
assembling program8.s...
program8.s(2): error: A1163E: Unknown opcode Export , expecting opcode or Macro
"program8.s" - 1 Error(s), 0 Warning(s).
assembling program8.s...
program8.s(2): error: A1163E: Unknown opcode Export , expecting opcode or Macro
"program8.s" - 1 Error(s), 0 Warning(s).
assembling program8.s...
"program8.s" - 0 Error(s), 0 Warning(s).
assembling program8.s...
"program8.s" - 0 Error(s), 0 Warning(s).
