ARM Linker, 5.03 [Build 76] [MDK-ARM Lite]

==============================================================================

Section Cross References

    start_up_alp.o(RESET) refers to start_up_alp.o(STACK) for __initial_sp
    start_up_alp.o(RESET) refers to start_up_alp.o(.text) for Reset_Handler
    start_up_alp.o(.text) refers to program1.o(ALP1) for start1


==============================================================================

Removing Unused input sections from the image.

    Removing start_up_alp.o(HEAP), (0 bytes).

1 unused section(s) (total 0 bytes) removed from the image.

==============================================================================

Image Symbol Table

    Local Symbols

    Symbol Name                              Value     Ov Type        Size  Object(Section)

    RESET                                    0x00000000   Section      204  start_up_alp.o(RESET)
    ..\arm_cortex\start_up_alp.s             0x00000000   Number         0  start_up_alp.o ABSOLUTE
    program1.s                               0x00000000   Number         0  program1.o ABSOLUTE
    .text                                    0x000000cc   Section       28  start_up_alp.o(.text)
    ALP1                                     0x000000e8   Section       14  program1.o(ALP1)
    .ARM.__at_0x02FC                         0x000002fc   Section        4  start_up_alp.o(.ARM.__at_0x02FC)
    STACK                                    0x10000000   Section      512  start_up_alp.o(STACK)
    __initial_sp                             0x10000200   Data           0  start_up_alp.o(STACK)

    Global Symbols

    Symbol Name                              Value     Ov Type        Size  Object(Section)

    BuildAttributes$$THM_ISAv4$P$D$K$B$S$PE$A:L22UL41UL21$X:L11$S22US41US21$IEEE1$IW$USESV6$~STKCKD$USESV7$~SHL$OSPACE$EBA8$STANDARDLIB$PRES8$EABIv2 0x00000000   Number         0  anon$$obj.o ABSOLUTE
    __Vectors                                0x00000000   Data           4  start_up_alp.o(RESET)
    Reset_Handler                            0x000000cd   Thumb Code     4  start_up_alp.o(.text)
    NMI_Handler                              0x000000d1   Thumb Code     2  start_up_alp.o(.text)
    HardFault_Handler                        0x000000d3   Thumb Code     2  start_up_alp.o(.text)
    MemManage_Handler                        0x000000d5   Thumb Code     2  start_up_alp.o(.text)
    BusFault_Handler                         0x000000d7   Thumb Code     2  start_up_alp.o(.text)
    UsageFault_Handler                       0x000000d9   Thumb Code     2  start_up_alp.o(.text)
    SVC_Handler                              0x000000db   Thumb Code     2  start_up_alp.o(.text)
    DebugMon_Handler                         0x000000dd   Thumb Code     2  start_up_alp.o(.text)
    PendSV_Handler                           0x000000df   Thumb Code     2  start_up_alp.o(.text)
    SysTick_Handler                          0x000000e1   Thumb Code     2  start_up_alp.o(.text)
    ADC_IRQHandler                           0x000000e3   Thumb Code     0  start_up_alp.o(.text)
    BOD_IRQHandler                           0x000000e3   Thumb Code     0  start_up_alp.o(.text)
    CANActivity_IRQHandler                   0x000000e3   Thumb Code     0  start_up_alp.o(.text)
    CAN_IRQHandler                           0x000000e3   Thumb Code     0  start_up_alp.o(.text)
    DMA_IRQHandler                           0x000000e3   Thumb Code     0  start_up_alp.o(.text)
    EINT0_IRQHandler                         0x000000e3   Thumb Code     0  start_up_alp.o(.text)
    EINT1_IRQHandler                         0x000000e3   Thumb Code     0  start_up_alp.o(.text)
    EINT2_IRQHandler                         0x000000e3   Thumb Code     0  start_up_alp.o(.text)
    EINT3_IRQHandler                         0x000000e3   Thumb Code     0  start_up_alp.o(.text)
    ENET_IRQHandler                          0x000000e3   Thumb Code     0  start_up_alp.o(.text)
    I2C0_IRQHandler                          0x000000e3   Thumb Code     0  start_up_alp.o(.text)
    I2C1_IRQHandler                          0x000000e3   Thumb Code     0  start_up_alp.o(.text)
    I2C2_IRQHandler                          0x000000e3   Thumb Code     0  start_up_alp.o(.text)
    I2S_IRQHandler                           0x000000e3   Thumb Code     0  start_up_alp.o(.text)
    MCPWM_IRQHandler                         0x000000e3   Thumb Code     0  start_up_alp.o(.text)
    PLL0_IRQHandler                          0x000000e3   Thumb Code     0  start_up_alp.o(.text)
    PLL1_IRQHandler                          0x000000e3   Thumb Code     0  start_up_alp.o(.text)
    PWM1_IRQHandler                          0x000000e3   Thumb Code     0  start_up_alp.o(.text)
    QEI_IRQHandler                           0x000000e3   Thumb Code     0  start_up_alp.o(.text)
    RIT_IRQHandler                           0x000000e3   Thumb Code     0  start_up_alp.o(.text)
    RTC_IRQHandler                           0x000000e3   Thumb Code     0  start_up_alp.o(.text)
    SPI_IRQHandler                           0x000000e3   Thumb Code     0  start_up_alp.o(.text)
    SSP0_IRQHandler                          0x000000e3   Thumb Code     0  start_up_alp.o(.text)
    SSP1_IRQHandler                          0x000000e3   Thumb Code     0  start_up_alp.o(.text)
    TIMER0_IRQHandler                        0x000000e3   Thumb Code     0  start_up_alp.o(.text)
    TIMER1_IRQHandler                        0x000000e3   Thumb Code     0  start_up_alp.o(.text)
    TIMER2_IRQHandler                        0x000000e3   Thumb Code     0  start_up_alp.o(.text)
    TIMER3_IRQHandler                        0x000000e3   Thumb Code     0  start_up_alp.o(.text)
    UART0_IRQHandler                         0x000000e3   Thumb Code     0  start_up_alp.o(.text)
    UART1_IRQHandler                         0x000000e3   Thumb Code     0  start_up_alp.o(.text)
    UART2_IRQHandler                         0x000000e3   Thumb Code     0  start_up_alp.o(.text)
    UART3_IRQHandler                         0x000000e3   Thumb Code     0  start_up_alp.o(.text)
    USBActivity_IRQHandler                   0x000000e3   Thumb Code     0  start_up_alp.o(.text)
    USB_IRQHandler                           0x000000e3   Thumb Code     0  start_up_alp.o(.text)
    WDT_IRQHandler                           0x000000e3   Thumb Code     0  start_up_alp.o(.text)
    start1                                   0x000000e9   Thumb Code     0  program1.o(ALP1)



==============================================================================

Memory Map of the image

  Image Entry point : 0x000000cd

  Load Region LR_1 (Base: 0x00000000, Size: 0x00000300, Max: 0xffffffff, ABSOLUTE)

    Execution Region ER_RO (Base: 0x00000000, Size: 0x00000300, Max: 0xffffffff, ABSOLUTE)

    Base Addr    Size         Type   Attr      Idx    E Section Name        Object

    0x00000000   0x000000cc   Data   RO            3    RESET               start_up_alp.o
    0x000000cc   0x0000001c   Code   RO            5  * .text               start_up_alp.o
    0x000000e8   0x0000000e   Code   RO           13    ALP1                program1.o
    0x000000f6   0x00000206   PAD
    0x000002fc   0x00000004   Code   RO            4    .ARM.__at_0x02FC    start_up_alp.o


    Execution Region ER_RW (Base: 0x10000000, Size: 0x00000000, Max: 0xffffffff, ABSOLUTE)

    **** No section assigned to this execution region ****


    Execution Region ER_ZI (Base: 0x10000000, Size: 0x00000200, Max: 0xffffffff, ABSOLUTE)

    Base Addr    Size         Type   Attr      Idx    E Section Name        Object

    0x10000000   0x00000200   Zero   RW            1    STACK               start_up_alp.o


==============================================================================

Image component sizes


      Code (inc. data)   RO Data    RW Data    ZI Data      Debug   Object Name

        14          0          0          0          0        152   program1.o
        32          8        204          0        512        876   start_up_alp.o

    ----------------------------------------------------------------------
       564          8        204          0        512       1028   Object Totals
         0          0          0          0          0          0   (incl. Generated)
       518          0          0          0          0          0   (incl. Padding)

    ----------------------------------------------------------------------
         0          0          0          0          0          0   Library Totals
         0          0          0          0          0          0   (incl. Padding)

    ----------------------------------------------------------------------

==============================================================================


      Code (inc. data)   RO Data    RW Data    ZI Data      Debug   

       564          8        204          0        512       1028   Grand Totals
       564          8        204          0        512       1028   ELF Image Totals
       564          8        204          0          0          0   ROM Totals

==============================================================================

    Total RO  Size (Code + RO Data)                  768 (   0.75kB)
    Total RW  Size (RW Data + ZI Data)               512 (   0.50kB)
    Total ROM Size (Code + RO Data + RW Data)        768 (   0.75kB)

==============================================================================

