<html>
<body>
<pre>
<h1>µVision Build Log</h1>
<h2>Project:</h2>
E:\Keil\lab_programs\project7.uvproj
Project File Date:  12/10/2022

<h2>Output:</h2>
Build target 'Target 1'
linking...
Program Size: Code=564 RO-data=204 RW-data=0 ZI-data=512  
".\project7.axf" - 0 Error(s), 0 Warning(s).
</pre>
</body>
</html>

Program Size: Code=564 RO-data=204 RW-data=0 ZI-data=512  
".\project7.axf" - 0 Error(s), 1 Warning(s).
163E: Unknown opcode LOOP , expecting opcode or Macro
"program7.s" - 1 Error(s), 0 Warning(s).
assembling program7.s...
program7.s(14): warning: A1581W: Added 2 bytes of padding at address 0x1a
"program7.s" - 0 Error(s), 1 Warning(s).
